Copyright 1986-2018 Xilinx, Inc. All Rights Reserved.
----------------------------------------------------------------------------------------
| Tool Version : Vivado v.2018.2 (win64) Build 2258646 Thu Jun 14 20:03:12 MDT 2018
| Date         : Sat Nov  8 23:41:01 2025
| Host         : WIN-PQ168B1S1K5 running 64-bit major release  (build 9200)
| Command      : report_control_sets -verbose -file Top_Student_control_sets_placed.rpt
| Design       : Top_Student
| Device       : xc7a35t
----------------------------------------------------------------------------------------

Control Set Information

Table of Contents
-----------------
1. Summary
2. Histogram
3. Flip-Flop Distribution
4. Detailed Control Set Information

1. Summary
----------

+----------------------------------------------------------+-------+
|                          Status                          | Count |
+----------------------------------------------------------+-------+
| Number of unique control sets                            |    70 |
| Unused register locations in slices containing registers |    96 |
+----------------------------------------------------------+-------+


2. Histogram
------------

+--------+--------------+
| Fanout | Control Sets |
+--------+--------------+
|      2 |            1 |
|      8 |            5 |
|     10 |            2 |
|     12 |            2 |
|     14 |            3 |
|    16+ |           57 |
+--------+--------------+


3. Flip-Flop Distribution
-------------------------

+--------------+-----------------------+------------------------+-----------------+--------------+
| Clock Enable | Synchronous Set/Reset | Asynchronous Set/Reset | Total Registers | Total Slices |
+--------------+-----------------------+------------------------+-----------------+--------------+
| No           | No                    | No                     |             666 |          152 |
| No           | No                    | Yes                    |              86 |           19 |
| No           | Yes                   | No                     |             790 |          105 |
| Yes          | No                    | No                     |             818 |          177 |
| Yes          | No                    | Yes                    |             206 |           45 |
| Yes          | Yes                   | No                     |            1002 |          249 |
+--------------+-----------------------+------------------------+-----------------+--------------+


4. Detailed Control Set Information
-----------------------------------

+-------------------------------------------+-------------------------------------------------------------------------------------+----------------------------------------------------------------------------------------------+------------------+----------------+
|                Clock Signal               |                                    Enable Signal                                    |                                       Set/Reset Signal                                       | Slice Load Count | Bel Load Count |
+-------------------------------------------+-------------------------------------------------------------------------------------+----------------------------------------------------------------------------------------------+------------------+----------------+
| ~clk_6p25mhz_BUFG                         |                                                                                     |                                                                                              |                1 |              2 |
|  clk100hz/clk_100hz                       |                                                                                     |                                                                                              |                2 |              8 |
|  clk_IBUF_BUFG                            | mouse_control/Inst_Ps2Interface/shift_frame                                         | mouse_control/Inst_Ps2Interface/reset_bit_count                                              |                1 |              8 |
|  clk_IBUF_BUFG                            | gameMenu/u_secret/db_L/E[0]                                                         | endMenu/secret_reset                                                                         |                1 |              8 |
|  clk_IBUF_BUFG                            | gameMenu/u_secret/sdc/scans_accum[3]_i_1_n_0                                        | endMenu/secret_reset                                                                         |                1 |              8 |
|  clk_IBUF_BUFG                            | gameMenu/u_secret/sdc/step[3]_i_1_n_0                                               | endMenu/secret_reset                                                                         |                1 |              8 |
|  clk_IBUF_BUFG                            | mouse_control/Inst_Ps2Interface/x_sign_reg                                          | mouse_control/left_down_i_1_n_0                                                              |                2 |             10 |
|  clk_25mhz_BUFG                           | gameMenu/ballMovementSystemTop/coll_det/E[0]                                        | gameMenu/ballMovementSystemTop/ball_ctrl/friction_ctrl/friction_inst/SR[0]                   |                5 |             10 |
|  ballMovementSystemTop/map_gen/clk_100khz | gameMenu/ballMovementSystemTop/map_gen/goal_map/E[0]                                |                                                                                              |                4 |             12 |
|  clk_10khz_BUFG                           |                                                                                     | gameMenu/ledCharging/count[13]_i_1_n_0                                                       |                1 |             12 |
|  ballMovementSystemTop/map_gen/clk_100khz | gameMenu/ballMovementSystemTop/map_gen/goal_map/E[1]                                |                                                                                              |                4 |             14 |
|  clk_IBUF_BUFG                            | mouse_control/Inst_Ps2Interface/delay_63clk_count[6]_i_2_n_0                        | mouse_control/Inst_Ps2Interface/delay_63clk_count[6]_i_1_n_0                                 |                2 |             14 |
|  clk_25mhz_BUFG                           | gameMenu/ballMovementSystemTop/ball_ctrl/ball_in/pos_y_accum_reg[0]_0               |                                                                                              |                7 |             14 |
|  clk_IBUF_BUFG                            | mouse_control/Inst_Ps2Interface/load_rx_data                                        |                                                                                              |                2 |             16 |
|  ballMovementSystemTop/map_gen/clk_100khz | gameMenu/ballMovementSystemTop/map_gen/grid_counter                                 | gameMenu/ballMovementSystemTop/map_gen/grid_counter[7]_i_1_n_0                               |                5 |             16 |
|  clk_IBUF_BUFG                            | mouse_control/Inst_Ps2Interface/y_inc_reg[0]                                        | mouse_control/y_inc[5]_i_1_n_0                                                               |                4 |             16 |
|  clk_10khz_BUFG                           |                                                                                     | gameMenu/ledCharging/count[8]_i_1_n_0                                                        |                3 |             16 |
|  clk_IBUF_BUFG                            | mouse_control/Inst_Ps2Interface/x_inc_reg[0]                                        | mouse_control/x_inc[7]_i_1_n_0                                                               |                2 |             16 |
|  clk_25mhz_BUFG                           | gameMenu/ballMovementSystemTop/ball_ctrl/ball_in/pos_x_accum_reg[0]_0               |                                                                                              |                7 |             16 |
|  clk_25mhz_BUFG                           | gameMenu/ballMovementSystemTop/ball_ctrl/ball_in/pos_x_accum_reg[0]_0               | gameMenu/ballMovementSystemTop/map_gen/pos_x_accum_reg[7]                                    |                4 |             16 |
|  clk_25mhz_BUFG                           | gameMenu/ballMovementSystemTop/ball_ctrl/ball_in/pos_y_accum_reg[0]_0               | gameMenu/ballMovementSystemTop/map_gen/pos_x_accum_reg[7]                                    |                6 |             16 |
|  clk_IBUF_BUFG                            | mouse_control/write_data_1                                                          |                                                                                              |                3 |             16 |
|  clk_IBUF_BUFG                            | mouse_control/Inst_Ps2Interface/frame[9]_i_1_n_0                                    |                                                                                              |                2 |             20 |
|  clk_IBUF_BUFG                            | mouse_control/Inst_Ps2Interface/delay_20us_count[10]_i_2_n_0                        | mouse_control/Inst_Ps2Interface/delay_20us_count[10]_i_1_n_0                                 |                4 |             22 |
|  clk_IBUF_BUFG                            | mouse_control/y_new_reg_n_0                                                         |                                                                                              |                7 |             24 |
|  clk_IBUF_BUFG                            | mouse_control/x_new_reg_n_0                                                         |                                                                                              |                4 |             24 |
|  clk100hz/clk_100hz                       | gameMenu/release_x[6]_i_1_n_0                                                       |                                                                                              |                6 |             28 |
|  clk_10khz_BUFG                           | gameMenu/ledCharging/power[13]_i_1_n_0                                              |                                                                                              |                5 |             28 |
|  clk_IBUF_BUFG                            | mouse_control/Inst_Ps2Interface/delay_100us_count[0]_i_2_n_0                        | mouse_control/Inst_Ps2Interface/clear                                                        |                4 |             28 |
|  clk_25mhz_BUFG                           | gameMenu/ballMovementSystemTop/ball_ctrl/ball_in/ball_y_reg[0][0]                   |                                                                                              |                8 |             30 |
|  clk_25mhz_BUFG                           | gameMenu/ballMovementSystemTop/tracker/stationary_x[7]_i_1_n_0                      | gameMenu/ballMovementSystemTop/ball_ctrl/friction_ctrl/friction_inst/SR[0]                   |                7 |             30 |
|  clk_25mhz_BUFG                           | gameMenu/ballMovementSystemTop/tracker/last_check_y[6]_i_1_n_0                      | gameMenu/ballMovementSystemTop/ball_ctrl/friction_ctrl/friction_inst/SR[0]                   |                6 |             30 |
|  clk_25mhz_BUFG                           | gameMenu/ballMovementSystemTop/ball_ctrl/friction_ctrl/motion_tick_reg_n_0          | gameMenu/ballMovementSystemTop/ball_ctrl/friction_ctrl/friction_inst/vx_out_q8_8[15]_i_1_n_0 |                4 |             32 |
|  clk_25mhz_BUFG                           | gameMenu/ballMovementSystemTop/ball_ctrl/friction_ctrl/motion_tick_reg_n_0          | gameMenu/ballMovementSystemTop/ball_ctrl/friction_ctrl/friction_inst/vy_out_q8_8[15]_i_1_n_0 |                4 |             32 |
|  clk_25mhz_BUFG                           | gameMenu/oled_data[15]_i_2_n_0                                                      | mouse_control/SR[0]                                                                          |                7 |             32 |
|  clk_25mhz_BUFG                           | startMenu/E[0]                                                                      | mouse_control/oled_data_reg[15]_17[0]                                                        |                9 |             32 |
|  clk_25mhz_BUFG                           | gameMenu/ballMovementSystemTop/ball_ctrl/angle_index0                               | gameMenu/ballMovementSystemTop/map_gen/score_reg[15]                                         |                4 |             32 |
|  clk_25mhz_BUFG                           | colourMenu/oled_data[15]_i_2__1_n_0                                                 | mouse_control/oled_data_reg[15]_12[0]                                                        |                6 |             32 |
|  clk_25mhz_BUFG                           | endMenu/oled_data[15]_i_2__0_n_0                                                    | mouse_control/oled_data_reg[15]_1[0]                                                         |               15 |             32 |
| ~clk_6p25mhz_BUFG                         |                                                                                     | oled_disp/frame_counter[16]_i_1_n_0                                                          |                5 |             36 |
|  clk_IBUF_BUFG                            |                                                                                     | gameMenu/u_secret/db_R/count[0]_i_1__17_n_0                                                  |                5 |             40 |
| ~clk_6p25mhz_BUFG                         | oled_disp/delay[0]_i_1_n_0                                                          |                                                                                              |                5 |             40 |
|  clk_IBUF_BUFG                            |                                                                                     | gameMenu/u_secret/db_L/count[0]_i_1__16_n_0                                                  |                5 |             40 |
|  clk_IBUF_BUFG                            |                                                                                     | endMenu/secret_reset                                                                         |                6 |             42 |
|  clk_IBUF_BUFG                            |                                                                                     | mouse_control/reset_timeout_cnt                                                              |                5 |             48 |
|  clk_25mhz_BUFG                           | gameMenu/ballMovementSystemTop/tracker/stationary_counter[23]_i_1_n_0               | gameMenu/ballMovementSystemTop/ball_ctrl/friction_ctrl/friction_inst/SR[0]                   |               11 |             48 |
|  clk_IBUF_BUFG                            |                                                                                     | mouse_control/reset_periodic_check_cnt                                                       |                6 |             52 |
|  clk_25mhz_BUFG                           |                                                                                     | gameMenu/ballMovementSystemTop/ball_ctrl/friction_ctrl/friction_inst/SR[0]                   |               14 |             54 |
|  ballMovementSystemTop/map_gen/clk_100khz | gameMenu/ballMovementSystemTop/map_gen/connected[175]_i_1_n_0                       |                                                                                              |               15 |             56 |
|  clk_25mhz_BUFG                           |                                                                                     | gameMenu/ballMovementSystemTop/display/refresh_div/cnt[31]_i_1_n_0                           |                8 |             62 |
| ~clk_6p25mhz_BUFG                         | oled_disp/state                                                                     |                                                                                              |                9 |             64 |
|  clk_IBUF_BUFG                            |                                                                                     | clk100hz/count[0]_i_1__20_n_0                                                                |                8 |             64 |
|  clk_IBUF_BUFG                            |                                                                                     | clk10khz/count[0]_i_1__21_n_0                                                                |                8 |             64 |
|  clk_IBUF_BUFG                            |                                                                                     | clk25mhz/count[0]_i_1__18_n_0                                                                |                8 |             64 |
|  clk_IBUF_BUFG                            |                                                                                     | clk6p25mhz/count[0]_i_1__19_n_0                                                              |                8 |             64 |
|  clk_25mhz_BUFG                           | gameMenu/ballMovementSystemTop/collision_calc/cooldown_counter                      | gameMenu/ballMovementSystemTop/ball_ctrl/friction_ctrl/friction_inst/SR[0]                   |               13 |             64 |
|  clk_25mhz_BUFG                           |                                                                                     | gameMenu/ballMovementSystemTop/map_gen/clk100k/clear                                         |                8 |             64 |
|  clk_25mhz_BUFG                           |                                                                                     | gameMenu/ballMovementSystemTop/ball_ctrl/ball_in/ball_y_reg[0][0]                            |                8 |             64 |
|  clk_25mhz_BUFG                           | gameMenu/ballMovementSystemTop/ball_ctrl/friction_ctrl/E[0]                         | gameMenu/ballMovementSystemTop/ball_ctrl/ball_in/vel_x_reg[0]                                |               19 |             64 |
|  clk_25mhz_BUFG                           | gameMenu/ballMovementSystemTop/ball_ctrl/friction_ctrl/vel_x_reg                    | gameMenu/ballMovementSystemTop/ball_ctrl/friction_ctrl/friction_inst/SR[0]                   |               13 |             64 |
|  clk_25mhz_BUFG                           | gameMenu/ballMovementSystemTop/ball_ctrl/friction_ctrl/FSM_onehot_state_reg_n_0_[2] | gameMenu/ballMovementSystemTop/ball_ctrl/friction_ctrl/friction_inst/SR[0]                   |               13 |             64 |
|  clk_25mhz_BUFG                           | gameMenu/ballMovementSystemTop/ball_ctrl/ball_in/E[0]                               |                                                                                              |               22 |             64 |
|  ballMovementSystemTop/map_gen/clk_100khz |                                                                                     |                                                                                              |               19 |             68 |
|  clk_25mhz_BUFG                           | gameMenu/ballMovementSystemTop/ball_ctrl/ball_in/angle_index_reg[0]_rep__6_57       | gameMenu/ballMovementSystemTop/map_gen/score_reg[15]                                         |               23 |             72 |
|  clk_25mhz_BUFG                           |                                                                                     |                                                                                              |               23 |             90 |
| ~clk_6p25mhz_BUFG                         |                                                                                     | oled_disp/spi_word[39]_i_1_n_0                                                               |               18 |             90 |
|  clk_IBUF_BUFG                            |                                                                                     |                                                                                              |               51 |            242 |
|  clk_10khz_BUFG                           |                                                                                     |                                                                                              |               56 |            256 |
|  ballMovementSystemTop/map_gen/clk_100khz | gameMenu/ballMovementSystemTop/map_gen/old_connected[175]_i_1_n_0                   |                                                                                              |               67 |            352 |
|  ballMovementSystemTop/map_gen/clk_100khz | gameMenu/ballMovementSystemTop/map_gen/direction                                    | gameMenu/ballMovementSystemTop/map_gen/connected[175]_i_1_n_0                                |               98 |            352 |
+-------------------------------------------+-------------------------------------------------------------------------------------+----------------------------------------------------------------------------------------------+------------------+----------------+


